INFO:     Will watch for changes in these directories: ['/home/kali/agentic-audit-ai']
INFO:     Uvicorn running on http://127.0.0.1:8000 (Press CTRL+C to quit)
INFO:     Started reloader process [37941] using WatchFiles
/home/kali/agentic-audit-ai/venv/lib/python3.13/site-packages/requests/__init__.py:113: RequestsDependencyWarning: urllib3 (2.7.0) or chardet (7.4.3)/charset_normalizer (3.4.9) doesn't match a supported version!
  warnings.warn(
Process SpawnProcess-1:
Traceback (most recent call last):
  File "/home/kali/agentic-audit-ai/venv/lib/python3.13/site-packages/requests/adapters.py", line 633, in send
    conn = self.get_connection_with_tls_context(
        request, verify, proxies=proxies, cert=cert
    )
  File "/home/kali/agentic-audit-ai/venv/lib/python3.13/site-packages/requests/adapters.py", line 489, in get_connection_with_tls_context
    conn = self.poolmanager.connection_from_host(
        **host_params, pool_kwargs=pool_kwargs
    )
  File "/home/kali/agentic-audit-ai/venv/lib/python3.13/site-packages/urllib3/poolmanager.py", line 317, in connection_from_host
    return self.connection_from_context(request_context)
           ~~~~~~~~~~~~~~~~~~~~~~~~~~~~^^^^^^^^^^^^^^^^^
  File "/home/kali/agentic-audit-ai/venv/lib/python3.13/site-packages/urllib3/poolmanager.py", line 339, in connection_from_context
    raise URLSchemeUnknown(scheme)
urllib3.exceptions.URLSchemeUnknown: Not supported URL scheme http+docker

During handling of the above exception, another exception occurred:

Traceback (most recent call last):
  File "/home/kali/agentic-audit-ai/venv/lib/python3.13/site-packages/docker/api/client.py", line 214, in _retrieve_server_version
    return self.version(api_version=False)["ApiVersion"]
           ~~~~~~~~~~~~^^^^^^^^^^^^^^^^^^^
  File "/home/kali/agentic-audit-ai/venv/lib/python3.13/site-packages/docker/api/daemon.py", line 181, in version
    return self._result(self._get(url), json=True)
                        ~~~~~~~~~^^^^^
  File "/home/kali/agentic-audit-ai/venv/lib/python3.13/site-packages/docker/utils/decorators.py", line 46, in inner
    return f(self, *args, **kwargs)
  File "/home/kali/agentic-audit-ai/venv/lib/python3.13/site-packages/docker/api/client.py", line 237, in _get
    return self.get(url, **self._set_request_timeout(kwargs))
           ~~~~~~~~^^^^^^^^^^^^^^^^^^^^^^^^^^^^^^^^^^^^^^^^^^
  File "/home/kali/agentic-audit-ai/venv/lib/python3.13/site-packages/requests/sessions.py", line 602, in get
    return self.request("GET", url, **kwargs)
           ~~~~~~~~~~~~^^^^^^^^^^^^^^^^^^^^^^
  File "/home/kali/agentic-audit-ai/venv/lib/python3.13/site-packages/requests/sessions.py", line 589, in request
    resp = self.send(prep, **send_kwargs)
  File "/home/kali/agentic-audit-ai/venv/lib/python3.13/site-packages/requests/sessions.py", line 703, in send
    r = adapter.send(request, **kwargs)
  File "/home/kali/agentic-audit-ai/venv/lib/python3.13/site-packages/requests/adapters.py", line 637, in send
    raise InvalidURL(e, request=request)
requests.exceptions.InvalidURL: Not supported URL scheme http+docker

During handling of the above exception, another exception occurred:

Traceback (most recent call last):
  File "/usr/lib/python3.13/multiprocessing/process.py", line 313, in _bootstrap
    self.run()
    ~~~~~~~~^^
  File "/usr/lib/python3.13/multiprocessing/process.py", line 108, in run
    self._target(*self._args, **self._kwargs)
    ~~~~~~~~~~~~^^^^^^^^^^^^^^^^^^^^^^^^^^^^^
  File "/home/kali/agentic-audit-ai/venv/lib/python3.13/site-packages/uvicorn/_subprocess.py", line 80, in subprocess_started
    target(sockets=sockets)
    ~~~~~~^^^^^^^^^^^^^^^^^
  File "/home/kali/agentic-audit-ai/venv/lib/python3.13/site-packages/uvicorn/server.py", line 65, in run
    return asyncio.run(self.serve(sockets=sockets))
           ~~~~~~~~~~~^^^^^^^^^^^^^^^^^^^^^^^^^^^^^
  File "/usr/lib/python3.13/asyncio/runners.py", line 195, in run
    return runner.run(main)
           ~~~~~~~~~~^^^^^^
  File "/usr/lib/python3.13/asyncio/runners.py", line 118, in run
    return self._loop.run_until_complete(task)
           ~~~~~~~~~~~~~~~~~~~~~~~~~~~~~^^^^^^
  File "uvloop/loop.pyx", line 1518, in uvloop.loop.Loop.run_until_complete
  File "/home/kali/agentic-audit-ai/venv/lib/python3.13/site-packages/uvicorn/server.py", line 69, in serve
    await self._serve(sockets)
  File "/home/kali/agentic-audit-ai/venv/lib/python3.13/site-packages/uvicorn/server.py", line 76, in _serve
    config.load()
    ~~~~~~~~~~~^^
  File "/home/kali/agentic-audit-ai/venv/lib/python3.13/site-packages/uvicorn/config.py", line 434, in load
    self.loaded_app = import_from_string(self.app)
                      ~~~~~~~~~~~~~~~~~~^^^^^^^^^^
  File "/home/kali/agentic-audit-ai/venv/lib/python3.13/site-packages/uvicorn/importer.py", line 19, in import_from_string
    module = importlib.import_module(module_str)
  File "/usr/lib/python3.13/importlib/__init__.py", line 88, in import_module
    return _bootstrap._gcd_import(name[level:], package, level)
           ~~~~~~~~~~~~~~~~~~~~~~^^^^^^^^^^^^^^^^^^^^^^^^^^^^^^
  File "<frozen importlib._bootstrap>", line 1387, in _gcd_import
  File "<frozen importlib._bootstrap>", line 1360, in _find_and_load
  File "<frozen importlib._bootstrap>", line 1331, in _find_and_load_unlocked
  File "<frozen importlib._bootstrap>", line 935, in _load_unlocked
  File "<frozen importlib._bootstrap_external>", line 1026, in exec_module
  File "<frozen importlib._bootstrap>", line 488, in _call_with_frames_removed
  File "/home/kali/agentic-audit-ai/backend/server.py", line 24, in <module>
    sandbox = SandboxEngine()
  File "/home/kali/agentic-audit-ai/backend/sandbox_engine.py", line 8, in __init__
    self.client = docker.from_env()
                  ~~~~~~~~~~~~~~~^^
  File "/home/kali/agentic-audit-ai/venv/lib/python3.13/site-packages/docker/client.py", line 96, in from_env
    return cls(
        timeout=timeout,
    ...<3 lines>...
        **kwargs_from_env(**kwargs)
    )
  File "/home/kali/agentic-audit-ai/venv/lib/python3.13/site-packages/docker/client.py", line 45, in __init__
    self.api = APIClient(*args, **kwargs)
               ~~~~~~~~~^^^^^^^^^^^^^^^^^
  File "/home/kali/agentic-audit-ai/venv/lib/python3.13/site-packages/docker/api/client.py", line 197, in __init__
    self._version = self._retrieve_server_version()
                    ~~~~~~~~~~~~~~~~~~~~~~~~~~~~~^^
  File "/home/kali/agentic-audit-ai/venv/lib/python3.13/site-packages/docker/api/client.py", line 221, in _retrieve_server_version
    raise DockerException(
        f'Error while fetching server API version: {e}'
    )
docker.errors.DockerException: Error while fetching server API version: Not supported URL scheme http+docker
WARNING:  WatchFiles detected changes in 'backend/alerts.py'. Reloading...
/home/kali/agentic-audit-ai/venv/lib/python3.13/site-packages/requests/__init__.py:113: RequestsDependencyWarning: urllib3 (2.7.0) or chardet (7.4.3)/charset_normalizer (3.4.9) doesn't match a supported version!
  warnings.warn(
Process SpawnProcess-2:
Traceback (most recent call last):
  File "/home/kali/agentic-audit-ai/venv/lib/python3.13/site-packages/requests/adapters.py", line 633, in send
    conn = self.get_connection_with_tls_context(
        request, verify, proxies=proxies, cert=cert
    )
  File "/home/kali/agentic-audit-ai/venv/lib/python3.13/site-packages/requests/adapters.py", line 489, in get_connection_with_tls_context
    conn = self.poolmanager.connection_from_host(
        **host_params, pool_kwargs=pool_kwargs
    )
  File "/home/kali/agentic-audit-ai/venv/lib/python3.13/site-packages/urllib3/poolmanager.py", line 317, in connection_from_host
    return self.connection_from_context(request_context)
           ~~~~~~~~~~~~~~~~~~~~~~~~~~~~^^^^^^^^^^^^^^^^^
  File "/home/kali/agentic-audit-ai/venv/lib/python3.13/site-packages/urllib3/poolmanager.py", line 339, in connection_from_context
    raise URLSchemeUnknown(scheme)
urllib3.exceptions.URLSchemeUnknown: Not supported URL scheme http+docker

During handling of the above exception, another exception occurred:

Traceback (most recent call last):
  File "/home/kali/agentic-audit-ai/venv/lib/python3.13/site-packages/docker/api/client.py", line 214, in _retrieve_server_version
    return self.version(api_version=False)["ApiVersion"]
           ~~~~~~~~~~~~^^^^^^^^^^^^^^^^^^^
  File "/home/kali/agentic-audit-ai/venv/lib/python3.13/site-packages/docker/api/daemon.py", line 181, in version
    return self._result(self._get(url), json=True)
                        ~~~~~~~~~^^^^^
  File "/home/kali/agentic-audit-ai/venv/lib/python3.13/site-packages/docker/utils/decorators.py", line 46, in inner
    return f(self, *args, **kwargs)
  File "/home/kali/agentic-audit-ai/venv/lib/python3.13/site-packages/docker/api/client.py", line 237, in _get
    return self.get(url, **self._set_request_timeout(kwargs))
           ~~~~~~~~^^^^^^^^^^^^^^^^^^^^^^^^^^^^^^^^^^^^^^^^^^
  File "/home/kali/agentic-audit-ai/venv/lib/python3.13/site-packages/requests/sessions.py", line 602, in get
    return self.request("GET", url, **kwargs)
           ~~~~~~~~~~~~^^^^^^^^^^^^^^^^^^^^^^
  File "/home/kali/agentic-audit-ai/venv/lib/python3.13/site-packages/requests/sessions.py", line 589, in request
    resp = self.send(prep, **send_kwargs)
  File "/home/kali/agentic-audit-ai/venv/lib/python3.13/site-packages/requests/sessions.py", line 703, in send
    r = adapter.send(request, **kwargs)
  File "/home/kali/agentic-audit-ai/venv/lib/python3.13/site-packages/requests/adapters.py", line 637, in send
    raise InvalidURL(e, request=request)
requests.exceptions.InvalidURL: Not supported URL scheme http+docker

During handling of the above exception, another exception occurred:

Traceback (most recent call last):
  File "/usr/lib/python3.13/multiprocessing/process.py", line 313, in _bootstrap
    self.run()
    ~~~~~~~~^^
  File "/usr/lib/python3.13/multiprocessing/process.py", line 108, in run
    self._target(*self._args, **self._kwargs)
    ~~~~~~~~~~~~^^^^^^^^^^^^^^^^^^^^^^^^^^^^^
  File "/home/kali/agentic-audit-ai/venv/lib/python3.13/site-packages/uvicorn/_subprocess.py", line 80, in subprocess_started
    target(sockets=sockets)
    ~~~~~~^^^^^^^^^^^^^^^^^
  File "/home/kali/agentic-audit-ai/venv/lib/python3.13/site-packages/uvicorn/server.py", line 65, in run
    return asyncio.run(self.serve(sockets=sockets))
           ~~~~~~~~~~~^^^^^^^^^^^^^^^^^^^^^^^^^^^^^
  File "/usr/lib/python3.13/asyncio/runners.py", line 195, in run
    return runner.run(main)
           ~~~~~~~~~~^^^^^^
  File "/usr/lib/python3.13/asyncio/runners.py", line 118, in run
    return self._loop.run_until_complete(task)
           ~~~~~~~~~~~~~~~~~~~~~~~~~~~~~^^^^^^
  File "uvloop/loop.pyx", line 1518, in uvloop.loop.Loop.run_until_complete
  File "/home/kali/agentic-audit-ai/venv/lib/python3.13/site-packages/uvicorn/server.py", line 69, in serve
    await self._serve(sockets)
  File "/home/kali/agentic-audit-ai/venv/lib/python3.13/site-packages/uvicorn/server.py", line 76, in _serve
    config.load()
    ~~~~~~~~~~~^^
  File "/home/kali/agentic-audit-ai/venv/lib/python3.13/site-packages/uvicorn/config.py", line 434, in load
    self.loaded_app = import_from_string(self.app)
                      ~~~~~~~~~~~~~~~~~~^^^^^^^^^^
  File "/home/kali/agentic-audit-ai/venv/lib/python3.13/site-packages/uvicorn/importer.py", line 19, in import_from_string
    module = importlib.import_module(module_str)
  File "/usr/lib/python3.13/importlib/__init__.py", line 88, in import_module
    return _bootstrap._gcd_import(name[level:], package, level)
           ~~~~~~~~~~~~~~~~~~~~~~^^^^^^^^^^^^^^^^^^^^^^^^^^^^^^
  File "<frozen importlib._bootstrap>", line 1387, in _gcd_import
  File "<frozen importlib._bootstrap>", line 1360, in _find_and_load
  File "<frozen importlib._bootstrap>", line 1331, in _find_and_load_unlocked
  File "<frozen importlib._bootstrap>", line 935, in _load_unlocked
  File "<frozen importlib._bootstrap_external>", line 1026, in exec_module
  File "<frozen importlib._bootstrap>", line 488, in _call_with_frames_removed
  File "/home/kali/agentic-audit-ai/backend/server.py", line 24, in <module>
    sandbox = SandboxEngine()
  File "/home/kali/agentic-audit-ai/backend/sandbox_engine.py", line 8, in __init__
    self.client = docker.from_env()
                  ~~~~~~~~~~~~~~~^^
  File "/home/kali/agentic-audit-ai/venv/lib/python3.13/site-packages/docker/client.py", line 96, in from_env
    return cls(
        timeout=timeout,
    ...<3 lines>...
        **kwargs_from_env(**kwargs)
    )
  File "/home/kali/agentic-audit-ai/venv/lib/python3.13/site-packages/docker/client.py", line 45, in __init__
    self.api = APIClient(*args, **kwargs)
               ~~~~~~~~~^^^^^^^^^^^^^^^^^
  File "/home/kali/agentic-audit-ai/venv/lib/python3.13/site-packages/docker/api/client.py", line 197, in __init__
    self._version = self._retrieve_server_version()
                    ~~~~~~~~~~~~~~~~~~~~~~~~~~~~~^^
  File "/home/kali/agentic-audit-ai/venv/lib/python3.13/site-packages/docker/api/client.py", line 221, in _retrieve_server_version
    raise DockerException(
        f'Error while fetching server API version: {e}'
    )
docker.errors.DockerException: Error while fetching server API version: Not supported URL scheme http+docker
